// Jest Snapshot v1, https://goo.gl/fbAQLP

exports[`renders correctly 1`] = `
<div
  className="MuiBox-root css-k008qs"
>
  <div
    className="MuiDrawer-root MuiDrawer-docked css-2dum1v-MuiDrawer-docked"
  >
    <div
      className="MuiPaper-root MuiPaper-elevation MuiPaper-elevation0 MuiDrawer-paper MuiDrawer-paperAnchorLeft MuiDrawer-paperAnchorDockedLeft css-15b8vjn-MuiPaper-root-MuiDrawer-paper"
    >
      <div
        className="css-1r9jet7"
      >
        <button
          className="MuiButtonBase-root MuiIconButton-root MuiIconButton-sizeMedium css-1drgtl0-MuiButtonBase-root-MuiIconButton-root"
          disabled={false}
          onBlur={[Function]}
          onClick={[Function]}
          onContextMenu={[Function]}
          onDragLeave={[Function]}
          onFocus={[Function]}
          onKeyDown={[Function]}
          onKeyUp={[Function]}
          onMouseDown={[Function]}
          onMouseLeave={[Function]}
          onMouseUp={[Function]}
          onTouchEnd={[Function]}
          onTouchMove={[Function]}
          onTouchStart={[Function]}
          tabIndex={0}
          type="button"
        >
          <svg
            aria-hidden={true}
            className="MuiSvgIcon-root MuiSvgIcon-fontSizeMedium css-i4bv87-MuiSvgIcon-root"
            data-testid="ChevronRightIcon"
            focusable="false"
            viewBox="0 0 24 24"
          >
            <path
              d="M10 6 8.59 7.41 13.17 12l-4.58 4.59L10 18l6-6z"
            />
          </svg>
        </button>
      </div>
      <hr
        className="MuiDivider-root MuiDivider-fullWidth css-rr7dug-MuiDivider-root"
      />
      <div
        className="MuiPaper-root MuiPaper-elevation MuiPaper-rounded MuiPaper-elevation1 MuiAccordion-root MuiAccordion-rounded MuiAccordion-gutters css-26zcom-MuiPaper-root-MuiAccordion-root"
      >
        <div
          aria-controls="panel2-content"
          aria-expanded={false}
          className="MuiButtonBase-root MuiAccordionSummary-root MuiAccordionSummary-gutters css-1tmu6hb-MuiButtonBase-root-MuiAccordionSummary-root"
          id="panel2-header"
          onBlur={[Function]}
          onClick={[Function]}
          onContextMenu={[Function]}
          onDragLeave={[Function]}
          onFocus={[Function]}
          onKeyDown={[Function]}
          onKeyUp={[Function]}
          onMouseDown={[Function]}
          onMouseLeave={[Function]}
          onMouseUp={[Function]}
          onTouchEnd={[Function]}
          onTouchMove={[Function]}
          onTouchStart={[Function]}
          role="button"
          tabIndex={0}
        >
          <div
            className="MuiAccordionSummary-content MuiAccordionSummary-contentGutters css-o4b71y-MuiAccordionSummary-content"
          >
            <svg
              aria-hidden={true}
              className="MuiSvgIcon-root MuiSvgIcon-fontSizeMedium css-i4bv87-MuiSvgIcon-root"
              data-testid="FilterListIcon"
              focusable="false"
              viewBox="0 0 24 24"
            >
              <path
                d="M10 18h4v-2h-4zM3 6v2h18V6zm3 7h12v-2H6z"
              />
            </svg>
          </div>
          <div
            className="MuiAccordionSummary-expandIconWrapper css-19hn6xk-MuiAccordionSummary-expandIconWrapper"
          >
            <svg
              aria-hidden={true}
              className="MuiSvgIcon-root MuiSvgIcon-fontSizeMedium css-i4bv87-MuiSvgIcon-root"
              data-testid="ExpandMoreIcon"
              focusable="false"
              viewBox="0 0 24 24"
            >
              <path
                d="M16.59 8.59 12 13.17 7.41 8.59 6 10l6 6 6-6z"
              />
            </svg>
          </div>
        </div>
        <div
          className="MuiCollapse-root MuiCollapse-vertical MuiCollapse-hidden css-bz4dnt-MuiCollapse-root"
          style={
            Object {
              "minHeight": "0px",
            }
          }
        >
          <div
            className="MuiCollapse-wrapper MuiCollapse-vertical css-smkl36-MuiCollapse-wrapper"
          >
            <div
              className="MuiCollapse-wrapperInner MuiCollapse-vertical css-9l5vo-MuiCollapse-wrapperInner"
            >
              <div
                aria-labelledby="panel2-header"
                className="MuiAccordion-region"
                id="panel2-content"
                role="region"
              >
                <div
                  className="MuiAccordionDetails-root css-15v22id-MuiAccordionDetails-root"
                >
                  <div
                    className="MuiBox-root css-y6ta9y"
                  >
                    <label
                      className="MuiFormControlLabel-root MuiFormControlLabel-labelPlacementEnd css-jzcd7z-MuiFormControlLabel-root"
                    >
                      <span
                        className="MuiButtonBase-root MuiCheckbox-root MuiCheckbox-colorPrimary MuiCheckbox-sizeMedium PrivateSwitchBase-root MuiCheckbox-root MuiCheckbox-colorPrimary MuiCheckbox-sizeMedium Mui-checked MuiCheckbox-root MuiCheckbox-colorPrimary MuiCheckbox-sizeMedium css-1e6ud36-MuiButtonBase-root-MuiCheckbox-root"
                        onBlur={[Function]}
                        onContextMenu={[Function]}
                        onDragLeave={[Function]}
                        onFocus={[Function]}
                        onKeyDown={[Function]}
                        onKeyUp={[Function]}
                        onMouseDown={[Function]}
                        onMouseLeave={[Function]}
                        onMouseUp={[Function]}
                        onTouchEnd={[Function]}
                        onTouchMove={[Function]}
                        onTouchStart={[Function]}
                        tabIndex={null}
                      >
                        <input
                          checked={true}
                          className="PrivateSwitchBase-input css-1m9pwf3"
                          data-indeterminate={false}
                          onChange={[Function]}
                          required={false}
                          type="checkbox"
                        />
                        <svg
                          aria-hidden={true}
                          className="MuiSvgIcon-root MuiSvgIcon-fontSizeMedium css-i4bv87-MuiSvgIcon-root"
                          data-testid="CheckBoxIcon"
                          focusable="false"
                          viewBox="0 0 24 24"
                        >
                          <path
                            d="M19 3H5c-1.11 0-2 .9-2 2v14c0 1.1.89 2 2 2h14c1.11 0 2-.9 2-2V5c0-1.1-.89-2-2-2zm-9 14l-5-5 1.41-1.41L10 14.17l7.59-7.59L19 8l-9 9z"
                          />
                        </svg>
                      </span>
                      <span
                        className="MuiTypography-root MuiTypography-body1 MuiFormControlLabel-label css-ahj2mt-MuiTypography-root"
                      >
                        All
                      </span>
                    </label>
                  </div>
                </div>
              </div>
            </div>
          </div>
        </div>
      </div>
      <div
        className="MuiPaper-root MuiPaper-elevation MuiPaper-rounded MuiPaper-elevation1 MuiAccordion-root MuiAccordion-rounded MuiAccordion-gutters css-26zcom-MuiPaper-root-MuiAccordion-root"
      >
        <div
          aria-controls="panel1-content"
          aria-expanded={false}
          className="MuiButtonBase-root MuiAccordionSummary-root MuiAccordionSummary-gutters css-1tmu6hb-MuiButtonBase-root-MuiAccordionSummary-root"
          id="panel1-header"
          onBlur={[Function]}
          onClick={[Function]}
          onContextMenu={[Function]}
          onDragLeave={[Function]}
          onFocus={[Function]}
          onKeyDown={[Function]}
          onKeyUp={[Function]}
          onMouseDown={[Function]}
          onMouseLeave={[Function]}
          onMouseUp={[Function]}
          onTouchEnd={[Function]}
          onTouchMove={[Function]}
          onTouchStart={[Function]}
          role="button"
          tabIndex={0}
        >
          <div
            className="MuiAccordionSummary-content MuiAccordionSummary-contentGutters css-o4b71y-MuiAccordionSummary-content"
          >
            <svg
              aria-hidden={true}
              className="MuiSvgIcon-root MuiSvgIcon-fontSizeMedium css-i4bv87-MuiSvgIcon-root"
              data-testid="DriveFolderUploadIcon"
              focusable="false"
              viewBox="0 0 24 24"
            >
              <path
                d="M20 6h-8l-2-2H4c-1.1 0-1.99.9-1.99 2L2 18c0 1.1.9 2 2 2h16c1.1 0 2-.9 2-2V8c0-1.1-.9-2-2-2m0 12H4V8h16zM8 13.01l1.41 1.41L11 12.84V17h2v-4.16l1.59 1.59L16 13.01 12.01 9z"
              />
            </svg>
          </div>
          <div
            className="MuiAccordionSummary-expandIconWrapper css-19hn6xk-MuiAccordionSummary-expandIconWrapper"
          >
            <svg
              aria-hidden={true}
              className="MuiSvgIcon-root MuiSvgIcon-fontSizeMedium css-i4bv87-MuiSvgIcon-root"
              data-testid="ExpandMoreIcon"
              focusable="false"
              viewBox="0 0 24 24"
            >
              <path
                d="M16.59 8.59 12 13.17 7.41 8.59 6 10l6 6 6-6z"
              />
            </svg>
          </div>
        </div>
        <div
          className="MuiCollapse-root MuiCollapse-vertical MuiCollapse-hidden css-bz4dnt-MuiCollapse-root"
          style={
            Object {
              "minHeight": "0px",
            }
          }
        >
          <div
            className="MuiCollapse-wrapper MuiCollapse-vertical css-smkl36-MuiCollapse-wrapper"
          >
            <div
              className="MuiCollapse-wrapperInner MuiCollapse-vertical css-9l5vo-MuiCollapse-wrapperInner"
            >
              <div
                aria-labelledby="panel1-header"
                className="MuiAccordion-region"
                id="panel1-content"
                role="region"
              >
                <div
                  className="MuiAccordionDetails-root css-15v22id-MuiAccordionDetails-root"
                >
                  <div>
                    <input
                      accept=".csv"
                      onChange={[Function]}
                      type="file"
                    />
                  </div>
                </div>
              </div>
            </div>
          </div>
        </div>
      </div>
    </div>
  </div>
  <main
    className="MuiBox-root css-zxdg2z"
  >
    <div
      className="css-1r9jet7"
    />
    <div
      className="App"
    >
      <div
        className="map-container"
        id="leaflet_map_container"
      />
    </div>
  </main>
</div>
`;
